// Jest Snapshot v1, https://goo.gl/fbAQLP

exports[`should render AddExpensePageCorrectly 1`] = `
<div>
  <h1>
    Add Expense
  </h1>
  <ExpenseForm
    onSubmit={[Function]}
    type="Add"
  />
</div>
`;
